// Jest Snapshot v1, https://goo.gl/fbAQLP

exports[`Render Searchbar component properly 1`] = `
<input
  className="ant-input"
  onBlur={[Function]}
  onChange={[Function]}
  onFocus={[Function]}
  onKeyDown={[Function]}
  onKeyUp={[Function]}
  placeholder="Search..."
  type="text"
  value=""
/>
`;
