// Jest Snapshot v1, https://goo.gl/fbAQLP

exports[`Render List component properly 1`] = `
<div
  style={
    Object {
      "height": 0,
      "overflow": "visible",
      "width": 0,
    }
  }
/>
`;
